<ul>

  <li><a href="#aaa">aaa</a></li>

  <li><a href="#bbb">bbb</a></li>

  <li><a href="#ccc">ccc</a></li>

</ul>

<h2 id="aaa">aaa</h2>

<p>paragraph</p>

<h2 id="bbb">bbb</h2>

<p>paragraph</p>

<h2 id="ccc">ccc</h2>

<p>paragraph</p>

